node:internal/modules/cjs/loader:1210
  throw err;
  ^

Error: Cannot find module 'y18n'
Require stack:
- /root/.npm/_npx/75ac80b86e83d4a2/node_modules/yargs/build/index.cjs
- /root/.npm/_npx/75ac80b86e83d4a2/node_modules/yargs/index.cjs
- /root/.npm/_npx/75ac80b86e83d4a2/node_modules/localtunnel/bin/lt.js
    at Module._resolveFilename (node:internal/modules/cjs/loader:1207:15)
    at Module._load (node:internal/modules/cjs/loader:1038:27)
    at Module.require (node:internal/modules/cjs/loader:1289:19)
    at require (node:internal/modules/helpers:182:18)
    at Object.<anonymous> (/root/.npm/_npx/75ac80b86e83d4a2/node_modules/yargs/build/index.cjs:1:56228)
    at Module._compile (node:internal/modules/cjs/loader:1521:14)
    at Module._extensions..js (node:internal/modules/cjs/loader:1623:10)
    at Module.load (node:internal/modules/cjs/loader:1266:32)
    at Module._load (node:internal/modules/cjs/loader:1091:12)
    at Module.require (node:internal/modules/cjs/loader:1289:19) {
  code: 'MODULE_NOT_FOUND',
  requireStack: [
    '/root/.npm/_npx/75ac80b86e83d4a2/node_modules/yargs/build/index.cjs',
    '/root/.npm/_npx/75ac80b86e83d4a2/node_modules/yargs/index.cjs',
    '/root/.npm/_npx/75ac80b86e83d4a2/node_modules/localtunnel/bin/lt.js'
  ]
}

Node.js v20.20.2
